// Jest Snapshot v1, https://goo.gl/fbAQLP

exports[`Home page matches snapshot 1`] = `
<DocumentFragment>
  <div
    class="jsx-2049690369 container"
  >
    <main
      class="jsx-2049690369"
    >
      <h1
        class="jsx-2049690369 title"
      >
        Welcome to 
        <a
          class="jsx-2049690369"
          href="https://nextjs.org"
        >
          Next.js!
        </a>
      </h1>
      <p
        class="jsx-2049690369 description"
      >
        Get started by editing 
        <code
          class="jsx-2049690369"
        >
          pages/index.js
        </code>
      </p>
      <button
        class="jsx-2049690369"
      >
        Test Button
      </button>
      <div
        class="jsx-2049690369 grid"
      >
        <a
          class="jsx-2049690369 card"
          href="https://nextjs.org/docs"
        >
          <h3
            class="jsx-2049690369"
          >
            Documentation →
          </h3>
          <p
            class="jsx-2049690369"
          >
            Find in-depth information about Next.js features and API.
          </p>
        </a>
        <a
          class="jsx-2049690369 card"
          href="https://nextjs.org/learn"
        >
          <h3
            class="jsx-2049690369"
          >
            Learn →
          </h3>
          <p
            class="jsx-2049690369"
          >
            Learn about Next.js in an interactive course with quizzes!
          </p>
        </a>
        <a
          class="jsx-2049690369 card"
          href="https://github.com/vercel/next.js/tree/master/examples"
        >
          <h3
            class="jsx-2049690369"
          >
            Examples →
          </h3>
          <p
            class="jsx-2049690369"
          >
            Discover and deploy boilerplate example Next.js projects.
          </p>
        </a>
        <a
          class="jsx-2049690369 card"
          href="https://vercel.com/import/nextjs"
        >
          <h3
            class="jsx-2049690369"
          >
            Deploy →
          </h3>
          <p
            class="jsx-2049690369"
          >
            Instantly deploy your Next.js site to a public URL with Vercel.
          </p>
        </a>
      </div>
    </main>
  </div>
</DocumentFragment>
`;
